[#ftl]
[#import "libraries/backgrounds.ftl" as backgrounds]

MAP
    IMAGETYPE                                             PNG
    SIZE                                                  2800 2800
    IMAGECOLOR                                            255 255 255
    FONTSET                                               "fonts/fontset"
    EXTENT                                                -180 -90 180 90

    WEB
        IMAGEPATH                                           "/ms4w/tmp/ms_tmp/"
        IMAGEURL                                            "/ms_tmp/"
        METADATA
            "wms_title"                                       "Context Layers"
            "wms_onlineresource"                              "${mapServiceURL}"
            "wms_srs"                                         "EPSG:29903 EPSG:27700 EPSG:4326 EPSG:3857"
            "wms_enable_request"                              "*"
        END
    END

    PROJECTION
        "init=epsg:4326"
    END

    [@backgrounds.vectors location=properties.contextLayersLocation/]   
END