[#ftl]
[#import "backgrounds.ftl" as backgrounds]

MAP
    IMAGETYPE                                             PNG
    EXTENT                                                -180 -90 180 90
    SIZE                                                  2800 2800
    IMAGECOLOR                                            255 255 255
    FONTSET                                               "fonts/fontset"

    WEB
        IMAGEPATH                                           "/ms4w/tmp/ms_tmp/"
        IMAGEURL                                            "/ms_tmp/"
        METADATA
            "wms_title"                                       "Dataset Species Density Map"
            "wms_onlineresource"                              "${mapServiceURL}"
            "wms_srs"                                         "EPSG:29903 EPSG:27700 EPSG:4326 EPSG:3857"
            "wms_enable_request"                              "*"
        END
    END
  
    PROJECTION
        "init=epsg:4326"
    END

    [@backgrounds.contextLayers generator=contextGenerator spatialConnection=properties.spatialConnection/]    
    [@backgrounds.os location=properties.ordnanceSurveyMapDataLocation requires=layers/]

    [#list layers as layer]
        LAYER
            NAME                                                "${layer}"
            TYPE                                                POLYGON
            STATUS                                              OFF
            CONNECTIONTYPE                                      PLUGIN
            PLUGIN                                              "msplugin_mssql2008.dll"
            CONNECTION                                          "${properties.spatialConnection}"
            DATA                                                "${layerGenerator.getData(layer_index + 1)}"
            PROCESSING                                          "CLOSE_CONNECTION=DEFER"
            TEMPLATE                                            "dummy.txt"
            EXTENT                                              -180 -90 180 90

            METADATA
                "wms_title"                                       "${layer}"
                "wms_include_items"                               "all"
            END

            PROJECTION
                "init=epsg:4326"
            END

            [#list buckets[layer] as bucket]
                [#assign colour = colourRamp.getColour(bucket_index, buckets[layer]?size)/]
                CLASS
                    NAME                                              "${bucket.name}"
                    EXPRESSION                                        (${bucket.expression})

                    STYLE
                        COLOR                                          ${colour.red} ${colour.green} ${colour.blue}
                        OUTLINECOLOR                                   0 0 0
                        WIDTH                                          1
                    END
                  END
            [/#list]
          END
    [/#list]
END