[#ftl]
[#import "libraries/template.ftl" as template]

[@template.context title="Designation Species Density Map" requires=layers]
    [#list layers as layer]
        LAYER
            NAME                                                "${layer}"
            TYPE                                                POLYGON
            STATUS                                              OFF
            CONNECTIONTYPE                                      OGR
            CONNECTION                                          "${properties.spatialConnection}"
            DATA                                                "${layerGenerator.getData(layer)}"
            PROCESSING                                          "CLOSE_CONNECTION=DEFER"
            TEMPLATE                                            "dummy.txt"
            EXTENT                                              -180 -90 180 90

            METADATA
                "wms_title"                                       "${layer}"
                "wms_include_items"                               "all"
            END

            PROJECTION
                "init=epsg:4326"
            END

            [#list buckets[layer] as bucket]
                [#assign colour = colourRamp.getColour(bucket_index, buckets[layer]?size)/]
                CLASS
                    NAME                                              "${bucket.name}"
                    EXPRESSION                                        (${bucket.expression})

                    STYLE
                        COLOR                                          ${colour.red} ${colour.green} ${colour.blue}
                        OUTLINECOLOR                                   0 0 0
                        WIDTH                                          1
                    END
                  END
            [/#list]
          END
    [/#list]
[/@template.context]