[#ftl]
[#import "libraries/template.ftl" as template]
[#import "libraries/layers.ftl" as layers]

[@template.master title="Habitat Dataset Map"]
    [#list habitats as dataset]
        LAYER
            NAME                                                "${dataset.datasetKey}"
            TYPE                                                POLYGON
            STATUS                                              OFF
            
            [@layers.data layerGenerator shapes dataset.datasetKey/]
            PROJECTION "init=epsg:4326" END
            TEMPLATE                                            "dummy.txt"

            METADATA
                "wms_title"                                       "${dataset.datasetKey}"
                "wms_include_items"                               "all"
            END


            CLASS
                NAME                                              "default"

                STYLE
                    COLOR                                           255 255 0
                    OUTLINECOLOR                                    0 0 0
                    WIDTH                                           0.5
                END
            END
        END
    [/#list]
[/@template.master]