[#ftl]
[#import "libraries/template.ftl" as template]

[@template.master title="Habitat Dataset Map" mapServiceURL=mapServiceURL]
    [#list habitats as dataset]
        LAYER
            NAME                                                "${dataset.datasetKey}"
            TYPE                                                POLYGON
            STATUS                                              OFF
            CONNECTIONTYPE                                      PLUGIN
            PLUGIN                                              "msplugin_mssql2008.dll"
            CONNECTION                                          "${properties.spatialConnection}"
            PROCESSING                                          "CLOSE_CONNECTION=DEFER"
            EXTENT                                              -180 -90 180 90
            TEMPLATE                                            "dummy.txt"

            DATA                                                "${layerGenerator.getData(dataset.datasetKey)}"

            METADATA
                "wms_title"                                       "${dataset.datasetKey}"
                "wms_include_items"                               "all"
            END

            PROJECTION
                "init=epsg:4326"
            END

            CLASS
                NAME                                              "default"

                STYLE
                    COLOR                                           255 255 0
                    OUTLINECOLOR                                    0 0 0
                    WIDTH                                           0.5
                END
            END
        END
    [/#list]
[/@template.master]