[#ftl]
    MAP
        IMAGETYPE                                             PNG
        SIZE                                                  2800 2800
        IMAGECOLOR                                            255 255 255
        FONTSET                                               "fonts/fontset"
        EXTENT                                                -180 -90 180 90

        WEB
            IMAGEPATH                                           "/ms4w/tmp/ms_tmp/"
            IMAGEURL                                            "/ms_tmp/"
            METADATA
                "wms_title"                                       "${title}"
                "wms_onlineresource"                              "${mapServiceURL}"
                "wms_srs"                                         "EPSG:29903 EPSG:27700 EPSG:4326 EPSG:3857"
                "wms_enable_request"                              "*"
                "wms_inspire_capabilities"                        "embed"
                "wms_languages"                                   "eng"
                "wms_inspire_resourcelocator"                     "${resourceURL}" #URL for ResourceLocator
                "wms_inspire_keyword"                             "infoMapAccessService" #value according "classification of spatial data services"
                "wms_keywordlist_ISO_items"                       "infoMapAccessService"
                "wms_keywordlist_vocabulary"                      "ISO"
                "wms_inspire_temporal_reference"                  "${date}"
                "wms_inspire_mpoc_name"                           "NBN Gateway"    #point of contact
                "wms_inspire_mpoc_email"                          "support@nbn.org.uk" #point of contact
                "wms_contactorganization"                         "National Biodiversity Network"
                "wms_contactposition"                             "owner"  
                "wms_fees"                                        "no conditions apply"         #value either "no conditions apply"|default "conditions unknown"|<specific conditions>
                "wms_accessconstraints"                           "None"          #value according ISO 19115 (MD_RestrictionCode codelist) or default "None"
            END
        END

        PROJECTION                                  "init=epsg:4326"         END
        
    LAYER
        NAME                        "SD.${speciesCode}"
        TYPE                        POLYGON
        STATUS                      OFF
        CONNECTIONTYPE              PLUGIN
        PLUGIN                      "msplugin_mssql2008.dll"
        CONNECTION                  "${properties.spatialConnection}"
        PROCESSING                  "CLOSE_CONNECTION=DEFER"
        DATA                        "${data}"
        TEMPLATE                    "dummy.txt"
        EXTENT                      -180 -90 180 90

        METADATA
            "wms_title"             "Species Distribution (of ${speciesName})"
            "wms_include_items"     "all"
        END

        PROJECTION
                                    "init=epsg:4326"
        END

        CLASS 
                    NAME               "default"
                    STYLE
                        COLOR          80 80 80
                        OUTLINECOLOR   0 0 0
                        WIDTH          1
                    END
        END
    END

    END
