[#ftl]
[#import "libraries/template.ftl" as template]

[@template.context title="Single Species Map" requires=osRequiredLayers]
    SYMBOLSET                                             "symbols.sym"

    [#list layers as layer]
        LAYER
            NAME                                                "${layer.layer()}"
            TYPE                                                POINT
            STATUS                                              OFF
            CONNECTIONTYPE                                      PLUGIN
            PLUGIN                                              "msplugin_mssql2008.dll"
            CONNECTION                                          "${properties.spatialConnection}"
            PROCESSING                                          "CLOSE_CONNECTION=DEFER"
            DATA                                                "${layerGenerator.getData(layer.layer())}"
            TEMPLATE                                            "dummy.txt"
            EXTENT                                              -180 -90 180 90
            [#-- Legend Hack, revert to pixels if requesting legend --]
            [#if !legendSymbolHack]
                SIZEUNITS                                           meters
            [/#if]

            METADATA
                "wms_title"                                       "${layer.layer()}"
                "wms_include_items"                               "all"
            END

            PROJECTION
                "init=epsg:4326"
            END
            CLASS
                NAME                                              "${layer.layer()} Species Presence"
                STYLE
                    SYMBOL                                        "${symbol}"

                    [#assign width = (layer.resolution() / outlineWidthDenominator) /]
                    
                    [#-- Legend Hack, revert to hard coded symbol size --]
                    [#if !legendSymbolHack]
                        SIZE                                          ${(layer.resolution()-width)?c}
                        WIDTH                                         ${width?c}
                    [#else]
                        SIZE                                          9
                        WIDTH                                         1
                    [/#if]
                    COLOR           ${fillColour.red} ${fillColour.green} ${fillColour.blue}
                    OUTLINECOLOR    ${outlineColour.red} ${outlineColour.green} ${outlineColour.blue}
                END # end of STYLE
            END
        END
    [/#list]
[/@template.context]