[#ftl]
[#import "libraries/template.ftl" as template]

[@template.master title="Site Boundary Dataset Map"]
    [#list siteBoundaries as dataset]
        [#assign colour = colours.getColour(dataset.datasetKey)/]
        LAYER
            NAME                        "${dataset.datasetKey}"
            TYPE                        POLYGON
            STATUS                      OFF
            EXTENT                      -180 -90 180 90
            DATA                        "${layerGenerator.getData(dataset.datasetKey)}"

            PROJECTION 
                "init=epsg:4326" 
            END

            TEMPLATE                    "dummy.txt"

            METADATA
                "wms_title"             "${dataset.datasetKey}"
                "wms_include_items"     "all"
            END

            CLASS
                NAME                    "${dataset.title}"

                STYLE
                    COLOR               ${colour.red} ${colour.green} ${colour.blue}
                    OUTLINECOLOR        0 0 0
                    WIDTH               0.5
                END
            END
        END
    [/#list]
[/@template.master]